{"event":"send_message","forumId":6,"content":"hi","replyToId":null}
{"event":"send_message","forumId":6,"content":"hi","replyToId":null}
{"event":"send_message","forumId":6,"content":"hi","replyToId":null}
{"event":"send_message","forumId":6,"content":"halo","replyToId":null}
{"event":"send_message","forumId":6,"content":"taza berhasil di merge","replyToId":null}
{"event":"send_message","forumId":6,"content":"tapi harus refactor lagi soalnya codenya ancur2an huhu","replyToId":null}
{"event":"send_message","forumId":6,"content":"ini","replyToId":89}
{"event":"send_message","forumId":6,"content":"ini client","replyToId":null}
{"event":"send_message","forumId":6,"content":"ini admin","replyToId":null}
{"event":"send_message","forumId":6,"content":"ini employee","replyToId":null}
{"event":"send_message","forumId":6,"content":"client baru","replyToId":null}
{"event":"send_message","forumId":6,"content":"@Client Ketjeh","replyToId":null}
{"event":"send_message","forumId":6,"content":"sekarang tanggal 24","replyToId":null}
{"event":"send_message","forumId":7,"content":"hi","replyToId":null}
{"event":"send_message","forumId":6,"content":"hi","replyToId":null}
{"event":"send_message","forumId":7,"content":"hi","replyToId":null}
{"event":"send_message","forumId":7,"content":"hi","replyToId":null}
{"event":"send_message","forumId":7,"content":"hi","replyToId":null}
{"event":"send_message","forumId":7,"content":"hi","replyToId":null}
{"event":"send_message","forumId":7,"content":"@Client Ketjeh hi","replyToId":null}
{"event":"send_message","forumId":7,"content":"hi","replyToId":null}
{"event":"send_message","forumId":7,"content":"@admin hi","replyToId":null}
{"event":"send_message","forumId":7,"content":"hi","replyToId":null}
{"event":"send_message","forumId":6,"content":"hi","replyToId":null}
{"event":"send_message","forumId":7,"content":"hi","replyToId":null}
{"event":"send_message","forumId":7,"content":"hi","replyToId":null}
{"event":"send_message","forumId":6,"content":"hi","replyToId":null}
{"event":"send_message","forumId":6,"content":"hi","replyToId":null}
{"event":"send_message","forumId":6,"content":"hi","replyToId":null}
{"event":"send_message","forumId":6,"content":"hi","replyToId":null}
{"event":"send_message","forumId":6,"content":"jnj","replyToId":null}
{"event":"send_message","forumId":6,"content":"mkmj","replyToId":null}
{"event":"send_message","forumId":7,"content":"kmk","replyToId":null}
